======================================================================
📊 A股量化打分系统 - 全覆盖版本 (V3报告框架)
   ✅ 不过滤任何股票 - 所有股票都会被评分
======================================================================
📂 加载财务数据...
  年报记录: 93976, 股票数: 5392

======================================================================
📊 量化财务打分 (全部股票)
======================================================================
  待分析股票数: 5392
  已处理 500/5392...
  已处理 1000/5392...
  已处理 1500/5392...
  已处理 2000/5392...
  已处理 2500/5392...
  已处理 3000/5392...
  已处理 3500/5392...
  已处理 4000/5392...
  已处理 4500/5392...
  已处理 5000/5392...
  ✅ 完成: 5392 只

======================================================================
📊 补充估值打分 (PE/PB)
======================================================================
  已处理 500/5392...
  已处理 1000/5392...
  已处理 1500/5392...
  已处理 2000/5392...
  已处理 2500/5392...
  已处理 3000/5392...
  已处理 3500/5392...
  已处理 4000/5392...
  已处理 4500/5392...
  已处理 5000/5392...
  ✅ 估值更新完成: 5384 只

======================================================================
🏆 价值投资 Top 20 (V3量化打分)
======================================================================

排名   代码       名称           总分     盈利     结构    成长    现金    稳定    F-Score 估值   
-------------------------------------------------------------------------------------
1    300033   同花顺          83.8   32.0   10.0  9.0   5.0   6.0   7.8    14.0 
2    603444   吉比特          83.8   32.0   10.0  8.0   6.0   6.0   7.8    14.0 
3    002192   融捷股份         82.8   32.0   9.0   9.0   5.0   6.0   7.8    14.0 
4    605499   东鹏饮料         80.9   31.0   12.0  4.0   5.0   6.0   8.9    14.0 
5    300308   中际旭创         80.8   29.0   11.0  8.0   5.0   6.0   7.8    14.0 
6    600132   重庆啤酒         80.7   30.0   12.0  6.0   6.0   6.0   6.7    14.0 
7    688615   合合信息         79.8   32.0   10.0  5.0   5.0   6.0   7.8    14.0 
8    001221   悍高集团         79.8   29.0   12.0  6.0   5.0   6.0   7.8    14.0 
9    300502   新易盛          79.8   29.0   11.0  10.0  2.0   6.0   7.8    14.0 
10   605117   德业股份         79.6   30.0   11.0  8.0   5.0   6.0   5.6    14.0 
11   300529   健帆生物         78.8   32.0   10.0  4.0   5.0   6.0   7.8    14.0 
12   002847   盐津铺子         78.7   28.0   12.0  6.0   6.0   6.0   6.7    14.0 
13   603929   亚翔集成         78.7   25.0   12.0  9.0   6.0   6.0   6.7    14.0 
14   603402   陕西旅游         78.7   33.0   11.0  3.0   5.0   6.0   6.7    14.0 
15   301611   珂玛科技         77.8   29.0   10.0  8.0   3.0   6.0   7.8    14.0 
16   688775   影石创新         77.7   30.0   12.0  4.0   5.0   6.0   6.7    14.0 
17   002027   分众传媒         76.9   31.0   10.0  2.0   5.0   6.0   8.9    14.0 
18   600989   宝丰能源         76.9   27.0   10.0  6.0   5.0   6.0   8.9    14.0 
19   002463   沪电股份         76.9   26.0   11.0  6.0   5.0   6.0   8.9    14.0 
20   301345   涛涛车业         76.8   28.0   11.0  6.0   4.0   6.0   7.8    14.0 

======================================================================
📋 Top 10 核心财务指标
======================================================================

排名   代码       名称         ROE均    扣非ROE   负债率    毛利率    净利率    营收增长     利润增长     F-Score PE     PB   
----------------------------------------------------------------------------------------------------
1    300033   同花顺        28.5  % 27.6  % 40.0 % 91.5 % 53.2 % 17.9   % 34.8   % 7     /9 49.2   16.61
2    603444   吉比特        29.5  % 27.8  % 24.2 % 93.9 % 34.6 % 15.7   % 19.5   % 7     /9 14.4   4.70 
3    002192   融捷股份       33.6  % 32.9  % 27.1 % 51.2 % 32.5 % 26.0   % 58.0   % 7     /9 66.6   5.24 
4    605499   东鹏饮料       40.5  % 38.1  % 64.7 % 44.9 % 21.1 % 3.7    % 0.8    % 8     /9 23.8   11.16
5    300308   中际旭创       22.4  % 21.5  % 30.2 % 42.0 % 30.3 % 21.2   % 26.3   % 7     /9 63.2   23.13
6    600132   重庆啤酒       75.6  % 75.2  % 73.2 % 50.9 % 16.8 % 0.6    % 20.3   % 6     /9 22.5   20.09
7    688615   合合信息       34.4  % 32.0  % 24.4 % 86.7 % 25.1 % 6.9    % 2.0    % 7     /9 51.1   7.94 
8    001221   悍高集团       31.6  % 31.4  % 30.2 % 35.8 % 18.6 % 5.2    % 11.0   % 7     /9 41.7   12.73
9    300502   新易盛        24.9  % 23.6  % 32.1 % 44.7 % 32.8 % 40.8   % 49.0   % 7     /9 114.7  39.04
10   605117   德业股份       41.6  % 40.0  % 37.4 % 38.8 % 26.4 % 22.2   % 20.2   % 5     /9 25.6   8.32 

======================================================================
📋 Top 10 细分得分详情
======================================================================

排名   代码       名称         ROE  扣非   毛利   净利   负债   营收   利润   现金   稳定   长期   周转   F    扣非   PE   PB   总分   
----------------------------------------------------------------------------------------------------
1    300033   同花顺        9   8   6   6   8   4   5   5   6   0   2   8   3   8   6   83.8
2    603444   吉比特        9   8   6   6   8   4   4   6   6   0   2   8   3   8   6   83.8
3    002192   融捷股份       10  8   5   6   8   4   5   5   6   0   1   8   3   8   6   82.8
4    605499   东鹏饮料       10  8   5   5   8   2   2   5   6   0   4   9   3   8   6   80.9
5    300308   中际旭创       8   7   5   6   8   4   4   5   6   0   3   8   3   8   6   80.8
6    600132   重庆啤酒       10  8   5   4   8   2   4   6   6   0   4   7   3   8   6   80.7
7    688615   合合信息       10  8   6   5   8   3   2   5   6   0   2   8   3   8   6   79.8
8    001221   悍高集团       10  8   4   4   8   3   3   5   6   0   4   8   3   8   6   79.8
9    300502   新易盛        8   7   5   6   8   5   5   2   6   0   3   8   3   8   6   79.8
10   605117   德业股份       10  8   4   5   8   4   4   5   6   0   3   6   3   8   6   79.6

======================================================================
📊 Top 10 统计摘要
======================================================================

  平均综合分: 81.2
  平均ROE(5年): 36.3%
  平均扣非ROE: 35.0%
  平均负债率: 38.4%
  平均毛利率: 58.0%
  平均净利率: 29.1%
  平均营收增长: 16.0%
  平均利润增长: 24.2%
  平均F-Score: 6.8/9
  平均PE: 47.3
  平均PB: 14.90

  总耗时: 61.3 秒

💾 Top 200 已保存: /home/liujerry/金融数据/screening_results/value_screening_full_top200_20260407_195100.csv
💾 全量 5392 只股票已保存: /home/liujerry/金融数据/screening_results/value_screening_full_all_20260407_195100.csv
